 * Serving Flask app 'app'
 * Debug mode: off
[pywebview] Using Cocoa
[pywebview] before_load event fired. injecting pywebview object
[pywebview] Loading JS files from /Users/samimelki/Word Docs EMR/.venv/lib/python3.13/site-packages/webview/js
[pywebview] _pywebviewready event fired
[pywebview] loaded event fired
[pywebview] before_load event fired. injecting pywebview object
[pywebview] Loading JS files from /Users/samimelki/Word Docs EMR/.venv/lib/python3.13/site-packages/webview/js
[pywebview] _pywebviewready event fired
[pywebview] loaded event fired
[pywebview] before_load event fired. injecting pywebview object
[pywebview] Loading JS files from /Users/samimelki/Word Docs EMR/.venv/lib/python3.13/site-packages/webview/js
[pywebview] _pywebviewready event fired
[pywebview] loaded event fired
[pywebview] before_load event fired. injecting pywebview object
[pywebview] Loading JS files from /Users/samimelki/Word Docs EMR/.venv/lib/python3.13/site-packages/webview/js
[pywebview] _pywebviewready event fired
[pywebview] loaded event fired
[pywebview] before_load event fired. injecting pywebview object
[pywebview] Loading JS files from /Users/samimelki/Word Docs EMR/.venv/lib/python3.13/site-packages/webview/js
[pywebview] _pywebviewready event fired
[pywebview] loaded event fired
[pywebview] before_load event fired. injecting pywebview object
[pywebview] Loading JS files from /Users/samimelki/Word Docs EMR/.venv/lib/python3.13/site-packages/webview/js
[pywebview] _pywebviewready event fired
[pywebview] loaded event fired
Unified database schema initialized successfully.
Unified database schema initialized successfully.
Starting unified database population with 10888 patient records...
Processed 50/10888 patients...
Processed 100/10888 patients...
Processed 150/10888 patients...
Processed 200/10888 patients...
Processed 250/10888 patients...
Processed 300/10888 patients...
Processed 350/10888 patients...
Processed 400/10888 patients...
Processed 450/10888 patients...
Processed 500/10888 patients...
Processed 550/10888 patients...
Processed 600/10888 patients...
Processed 650/10888 patients...
Processed 700/10888 patients...
Processed 750/10888 patients...
Processed 800/10888 patients...
Processed 850/10888 patients...
Processed 900/10888 patients...
Processed 950/10888 patients...
Processed 1000/10888 patients...
Processed 1050/10888 patients...
Processed 1100/10888 patients...
Processed 1150/10888 patients...
Processed 1200/10888 patients...
Processed 1250/10888 patients...
Processed 1300/10888 patients...
Processed 1350/10888 patients...
Processed 1400/10888 patients...
Processed 1450/10888 patients...
Processed 1500/10888 patients...
Processed 1550/10888 patients...
Processed 1600/10888 patients...
Processed 1650/10888 patients...
Processed 1700/10888 patients...
Processed 1750/10888 patients...
Processed 1800/10888 patients...
Processed 1850/10888 patients...
Processed 1900/10888 patients...
Processed 1950/10888 patients...
Processed 2000/10888 patients...
Processed 2050/10888 patients...
Processed 2100/10888 patients...
Processed 2150/10888 patients...
Processed 2200/10888 patients...
Processed 2250/10888 patients...
Processed 2300/10888 patients...
Processed 2350/10888 patients...
Processed 2400/10888 patients...
Processed 2450/10888 patients...
Processed 2500/10888 patients...
Processed 2550/10888 patients...
Processed 2600/10888 patients...
Processed 2650/10888 patients...
Processed 2700/10888 patients...
Processed 2750/10888 patients...
Processed 2800/10888 patients...
Processed 2850/10888 patients...
Processed 2900/10888 patients...
Processed 2950/10888 patients...
Processed 3000/10888 patients...
Processed 3050/10888 patients...
Processed 3100/10888 patients...
Processed 3150/10888 patients...
Processed 3200/10888 patients...
Processed 3250/10888 patients...
Processed 3300/10888 patients...
Processed 3350/10888 patients...
Processed 3400/10888 patients...
Processed 3450/10888 patients...
Processed 3500/10888 patients...
Processed 3550/10888 patients...
Processed 3600/10888 patients...
Processed 3650/10888 patients...
Processed 3700/10888 patients...
Processed 3750/10888 patients...
Processed 3800/10888 patients...
Processed 3850/10888 patients...
Processed 3900/10888 patients...
Processed 3950/10888 patients...
Processed 4000/10888 patients...
Processed 4050/10888 patients...
Processed 4100/10888 patients...
Processed 4150/10888 patients...
Processed 4200/10888 patients...
Processed 4250/10888 patients...
Processed 4300/10888 patients...
Processed 4350/10888 patients...
Processed 4400/10888 patients...
Processed 4450/10888 patients...
Processed 4500/10888 patients...
Processed 4550/10888 patients...
Processed 4600/10888 patients...
Processed 4650/10888 patients...
Processed 4700/10888 patients...
Processed 4750/10888 patients...
Processed 4800/10888 patients...
Processed 4850/10888 patients...
Processed 4900/10888 patients...
Processed 4950/10888 patients...
Processed 5000/10888 patients...
Processed 5050/10888 patients...
Processed 5100/10888 patients...
Processed 5150/10888 patients...
Processed 5200/10888 patients...
Processed 5250/10888 patients...
Processed 5300/10888 patients...
Processed 5350/10888 patients...
Processed 5400/10888 patients...
Processed 5450/10888 patients...
Processed 5500/10888 patients...
Processed 5550/10888 patients...
Processed 5600/10888 patients...
Processed 5650/10888 patients...
Processed 5700/10888 patients...
Processed 5750/10888 patients...
Processed 5800/10888 patients...
Processed 5850/10888 patients...
Processed 5900/10888 patients...
Processed 5950/10888 patients...
Processed 6000/10888 patients...
Processed 6050/10888 patients...
Processed 6100/10888 patients...
Processed 6150/10888 patients...
Processed 6200/10888 patients...
Processed 6250/10888 patients...
Processed 6300/10888 patients...
Processed 6350/10888 patients...
Processed 6400/10888 patients...
Processed 6450/10888 patients...
Processed 6500/10888 patients...
Processed 6550/10888 patients...
Processed 6600/10888 patients...
Processed 6650/10888 patients...
Processed 6700/10888 patients...
Processed 6750/10888 patients...
Processed 6800/10888 patients...
Processed 6850/10888 patients...
Processed 6900/10888 patients...
Processed 6950/10888 patients...
Processed 7000/10888 patients...
Processed 7050/10888 patients...
Processed 7100/10888 patients...
Processed 7150/10888 patients...
Processed 7200/10888 patients...
Processed 7250/10888 patients...
Processed 7300/10888 patients...
Processed 7350/10888 patients...
Processed 7400/10888 patients...
Processed 7450/10888 patients...
Processed 7500/10888 patients...
Processed 7550/10888 patients...
Processed 7600/10888 patients...
Processed 7650/10888 patients...
Processed 7700/10888 patients...
Processed 7750/10888 patients...
Processed 7800/10888 patients...
Processed 7850/10888 patients...
Processed 7900/10888 patients...
Processed 7950/10888 patients...
Processed 8000/10888 patients...
Processed 8050/10888 patients...
Processed 8100/10888 patients...
Processed 8150/10888 patients...
Processed 8200/10888 patients...
Processed 8250/10888 patients...
Processed 8300/10888 patients...
Processed 8350/10888 patients...
Processed 8400/10888 patients...
Processed 8450/10888 patients...
Processed 8500/10888 patients...
Processed 8550/10888 patients...
Processed 8600/10888 patients...
Processed 8650/10888 patients...
Processed 8700/10888 patients...
Processed 8750/10888 patients...
Processed 8800/10888 patients...
Processed 8850/10888 patients...
Processed 8900/10888 patients...
Processed 8950/10888 patients...
Processed 9000/10888 patients...
Processed 9050/10888 patients...
Processed 9100/10888 patients...
Processed 9150/10888 patients...
Processed 9200/10888 patients...
Processed 9250/10888 patients...
Processed 9300/10888 patients...
Processed 9350/10888 patients...
Processed 9400/10888 patients...
Processed 9450/10888 patients...
Processed 9500/10888 patients...
Processed 9550/10888 patients...
Processed 9600/10888 patients...
Processed 9650/10888 patients...
Processed 9700/10888 patients...
Processed 9750/10888 patients...
Processed 9800/10888 patients...
Processed 9850/10888 patients...
Processed 9900/10888 patients...
Processed 9950/10888 patients...
Processed 10000/10888 patients...
Processed 10050/10888 patients...
Processed 10100/10888 patients...
Processed 10150/10888 patients...
Processed 10200/10888 patients...
Processed 10250/10888 patients...
Processed 10300/10888 patients...
Processed 10350/10888 patients...
Processed 10400/10888 patients...
Processed 10450/10888 patients...
Processed 10500/10888 patients...
Processed 10550/10888 patients...
Processed 10600/10888 patients...
Processed 10650/10888 patients...
Processed 10700/10888 patients...
Processed 10750/10888 patients...
Skipping record 10799 due to missing name data.
Processed 10800/10888 patients...
Processed 10850/10888 patients...

Unified database population completed.
Total patients added: 10887
Total visits added: 191456
Total non-standard vaccines added: 46908
DEBUG: Processing vaccines for patient 10000
DEBUG: Patient data keys: ['id', 'mrn', 'mrn_agg', 'first_name', 'last_name', 'prenom', 'nom', 'date_of_birth', 'naissance_date', 'birth_weight_g', 'birth_height_cm', 'birth_head_circumference_cm', 'birth_notes', 'sex', 'sexe', 'phone', 'telephone', 'address', 'domicile', 'email', 'insurance', 'primary_physician', 'pmh', 'psh', 'family_history', 'medications', 'allergies', 'smoker', 'smoker_details', 'alcohol', 'alcohol_details', 'mere_nom', 'pere_nom', 'pediatre_initiales', 'third_party_payer', 'hopital', 'diag1', 'diag2', 'obstetrical_history', 'monotest1', 'monotest2', 'monotest3', 'rougeole_seule_date', 'dtcp1_date', 'dtcp2_date', 'dtcp3_date', 'dtcp_rappel1_date', 'dtcp_rappel2_date', 'dtcp_rappel3_date', 'dtcp_rappel4_date', 'hep_b1_date', 'hep_b2_date', 'hep_b3_date', 'hib1_date', 'hib2_date', 'hib3_date', 'hib_rappel_date', 'ror_date', 'raw_dossier_text', 'raw_autres_vaccins_text', 'created_date', 'modified_date', 'emr_mode', 'patient_history_text'][pywebview] before_load event fired. injecting pywebview object
[pywebview] Loading JS files from /Users/samimelki/Word Docs EMR/.venv/lib/python3.13/site-packages/webview/js
[pywebview] _pywebviewready event fired
[pywebview] loaded event fired
[pywebview] before_load event fired. injecting pywebview object
[pywebview] Loading JS files from /Users/samimelki/Word Docs EMR/.venv/lib/python3.13/site-packages/webview/js
[pywebview] _pywebviewready event fired
[pywebview] loaded event fired
[pywebview] before_load event fired. injecting pywebview object
[pywebview] Loading JS files from /Users/samimelki/Word Docs EMR/.venv/lib/python3.13/site-packages/webview/js
[pywebview] _pywebviewready event fired
[pywebview] loaded event fired

DEBUG: Sample vaccine fields: dtcp1_date=2013-01-17, hep_b1_date=2012-11-14
DEBUG: Found 16 non-standard vaccines
DEBUG: Prepared 13 total vaccines for EMR table
DEBUG: Vaccine DTaP - IPV - canonical: DTaP - IPV
DEBUG: Added to mandatory: DTaP - IPV
DEBUG: Vaccine Hepatitis A (HEPATITE A) - canonical: Hepatitis A
DEBUG: Added to recommended: Hepatitis A (HEPATITE A)
DEBUG: Vaccine Hepatitis B - canonical: Hepatitis B
DEBUG: Added to mandatory: Hepatitis B
DEBUG: Vaccine Hib (Haemophilus influenzae b) - canonical: Hib (Haemophilus influenzae b)
DEBUG: Added to mandatory: Hib (Haemophilus influenzae b)
DEBUG: Vaccine Influenza (VAXIGRIP) - canonical: Influenza
DEBUG: Added to recommended: Influenza (VAXIGRIP)
DEBUG: Vaccine Meningococcal ACWY (MENACTRA) - canonical: Meningococcal ACWY
DEBUG: Added to recommended: Meningococcal ACWY (MENACTRA)
DEBUG: Vaccine MMR (Measles, Mumps, Rubella) - canonical: MMR (Measles, Mumps, Rubella)
DEBUG: Added to mandatory: MMR (Measles, Mumps, Rubella)
DEBUG: Vaccine MMR (Measles, Mumps, Rubella) (ROR) - canonical: MMR (Measles, Mumps, Rubella)
DEBUG: Added to mandatory: MMR (Measles, Mumps, Rubella) (ROR)
DEBUG: Vaccine Pneumococcal PCV (PREVENAR 13) - canonical: Pneumococcal PCV
DEBUG: Added to recommended: Pneumococcal PCV (PREVENAR 13)
DEBUG: Vaccine PPD (TB Skin Test) - canonical: PPD (TB Skin Test)
DEBUG: Added to mandatory: PPD (TB Skin Test)
DEBUG: Vaccine Rotavirus (ROTATEQ) - canonical: Rotavirus
DEBUG: Added to recommended: Rotavirus (ROTATEQ)
DEBUG: Vaccine Varicella (VARILRIX) - canonical: Varicella
DEBUG: Added to recommended: Varicella (VARILRIX)
DEBUG: Vaccine Varicella (VARIVAX) - canonical: Varicella
DEBUG: Added to recommended: Varicella (VARIVAX)
DEBUG: Final counts - Mandatory: 6, Recommended: 7
DEBUG: Active dose keys: ['d1', 'd2', 'd3', 'r1', 'r2']
DEBUG: Processing vaccines for patient 10000
DEBUG: Patient data keys: ['id', 'mrn', 'mrn_agg', 'first_name', 'last_name', 'prenom', 'nom', 'date_of_birth', 'naissance_date', 'birth_weight_g', 'birth_height_cm', 'birth_head_circumference_cm', 'birth_notes', 'sex', 'sexe', 'phone', 'telephone', 'address', 'domicile', 'email', 'insurance', 'primary_physician', 'pmh', 'psh', 'family_history', 'medications', 'allergies', 'smoker', 'smoker_details', 'alcohol', 'alcohol_details', 'mere_nom', 'pere_nom', 'pediatre_initiales', 'third_party_payer', 'hopital', 'diag1', 'diag2', 'obstetrical_history', 'monotest1', 'monotest2', 'monotest3', 'rougeole_seule_date', 'dtcp1_date', 'dtcp2_date', 'dtcp3_date', 'dtcp_rappel1_date', 'dtcp_rappel2_date', 'dtcp_rappel3_date', 'dtcp_rappel4_date', 'hep_b1_date', 'hep_b2_date', 'hep_b3_date', 'hib1_date', 'hib2_date', 'hib3_date', 'hib_rappel_date', 'ror_date', 'raw_dossier_text', 'raw_autres_vaccins_text', 'created_date', 'modified_date', 'emr_mode', 'patient_history_text']
DEBUG: Sample vaccine fields: dtcp1_date=2013-01-17, hep_b1_date=2012-11-14
DEBUG: Found 16 non-standard vaccines
DEBUG: Prepared 13 total vaccines for EMR table
DEBUG: Vaccine DTaP - IPV - canonical: DTaP - IPV
DEBUG: Added to mandatory: DTaP - IPV
DEBUG: Vaccine Hepatitis A (HEPATITE A) - canonical: Hepatitis A
DEBUG: Added to recommended: Hepatitis A (HEPATITE A)
DEBUG: Vaccine Hepatitis B - canonical: Hepatitis B
DEBUG: Added to mandatory: Hepatitis B
DEBUG: Vaccine Hib (Haemophilus influenzae b) - canonical: Hib (Haemophilus influenzae b)
DEBUG: Added to mandatory: Hib (Haemophilus influenzae b)
DEBUG: Vaccine Influenza (VAXIGRIP) - canonical: Influenza
DEBUG: Added to recommended: Influenza (VAXIGRIP)
DEBUG: Vaccine Meningococcal ACWY (MENACTRA) - canonical: Meningococcal ACWY
DEBUG: Added to recommended: Meningococcal ACWY (MENACTRA)
DEBUG: Vaccine MMR (Measles, Mumps, Rubella) - canonical: MMR (Measles, Mumps, Rubella)
DEBUG: Added to mandatory: MMR (Measles, Mumps, Rubella)
DEBUG: Vaccine MMR (Measles, Mumps, Rubella) (ROR) - canonical: MMR (Measles, Mumps, Rubella)
DEBUG: Added to mandatory: MMR (Measles, Mumps, Rubella) (ROR)
DEBUG: Vaccine Pneumococcal PCV (PREVENAR 13) - canonical: Pneumococcal PCV
DEBUG: Added to recommended: Pneumococcal PCV (PREVENAR 13)
DEBUG: Vaccine PPD (TB Skin Test) - canonical: PPD (TB Skin Test)
DEBUG: Added to mandatory: PPD (TB Skin Test)
DEBUG: Vaccine Rotavirus (ROTATEQ) - canonical: Rotavirus
DEBUG: Added to recommended: Rotavirus (ROTATEQ)
DEBUG: Vaccine Varicella (VARILRIX) - canonical: Varicella
DEBUG: Added to recommended: Varicella (VARILRIX)
DEBUG: Vaccine Varicella (VARIVAX) - canonical: Varicella
DEBUG: Added to recommended: Varicella (VARIVAX)
DEBUG: Final counts - Mandatory: 6, Recommended: 7
DEBUG: Active dose keys: ['d1', 'd2', 'd3', 'r1', 'r2']
DEBUG: Processing vaccines for patient 10000
DEBUG: Patient data keys: ['id', 'mrn', 'mrn_agg', 'first_name', 'last_name', 'prenom', 'nom', 'date_of_birth', 'naissance_date', 'birth_weight_g', 'birth_height_cm', 'birth_head_circumference_cm', 'birth_notes', 'sex', 'sexe', 'phone', 'telephone', 'address', 'domicile', 'email', 'insurance', 'primary_physician', 'pmh', 'psh', 'family_history', 'medications', 'allergies', 'smoker', 'smoker_details', 'alcohol', 'alcohol_details', 'mere_nom', 'pere_nom', 'pediatre_initiales', 'third_party_payer', 'hopital', 'diag1', 'diag2', 'obstetrical_history', 'monotest1', 'monotest2', 'monotest3', 'rougeole_seule_date', 'dtcp1_date', 'dtcp2_date', 'dtcp3_date', 'dtcp_rappel1_date', 'dtcp_rappel2_date', 'dtcp_rappel3_date', 'dtcp_rappel4_date', 'hep_b1_date', 'hep_b2_date', 'hep_b3_date', 'hib1_date', 'hib2_date', 'hib3_date', 'hib_rappel_date', 'ror_date', 'raw_dossier_text', 'raw_autres_vaccins_text', 'created_date', 'modified_date', 'emr_mode', 'patient_history_text']
DEBUG: Sample vaccine fields: dtcp1_date=2013-01-17, hep_b1_date=2012-11-14
DEBUG: Found 16 non-standard vaccines
DEBUG: Prepared 13 total vaccines for EMR table
DEBUG: Vaccine DTaP - IPV - canonical: DTaP - IPV
DEBUG: Added to mandatory: DTaP - IPV
DEBUG: Vaccine Hepatitis A (HEPATITE A) - canonical: Hepatitis A
DEBUG: Added to recommended: Hepatitis A (HEPATITE A)
DEBUG: Vaccine Hepatitis B - canonical: Hepatitis B
DEBUG: Added to mandatory: Hepatitis B
DEBUG: Vaccine Hib (Haemophilus influenzae b) - canonical: Hib (Haemophilus influenzae b)
DEBUG: Added to mandatory: Hib (Haemophilus influenzae b)
DEBUG: Vaccine Influenza (VAXIGRIP) - canonical: Influenza
DEBUG: Added to recommended: Influenza (VAXIGRIP)
DEBUG: Vaccine Meningococcal ACWY (MENACTRA) - canonical: Meningococcal ACWY
DEBUG: Added to recommended: Meningococcal ACWY (MENACTRA)
DEBUG: Vaccine MMR (Measles, Mumps, Rubella) - canonical: MMR (Measles, Mumps, Rubella)
DEBUG: Added to mandatory: MMR (Measles, Mumps, Rubella)
DEBUG: Vaccine MMR (Measles, Mumps, Rubella) (ROR) - canonical: MMR (Measles, Mumps, Rubella)
DEBUG: Added to mandatory: MMR (Measles, Mumps, Rubella) (ROR)
DEBUG: Vaccine Pneumococcal PCV (PREVENAR 13) - canonical: Pneumococcal PCV
DEBUG: Added to recommended: Pneumococcal PCV (PREVENAR 13)
DEBUG: Vaccine PPD (TB Skin Test) - canonical: PPD (TB Skin Test)
DEBUG: Added to mandatory: PPD (TB Skin Test)
DEBUG: Vaccine Rotavirus (ROTATEQ) - canonical: Rotavirus
DEBUG: Added to recommended: Rotavirus (ROTATEQ)
DEBUG: Vaccine Varicella (VARILRIX) - canonical: Varicella
DEBUG: Added to recommended: Varicella (VARILRIX)
DEBUG: Vaccine Varicella (VARIVAX) - canonical: Varicella
DEBUG: Added to recommended: Varicella (VARIVAX)
DEBUG: Final counts - Mandatory: 6, Recommended: 7
DEBUG: Active dose keys: ['d1', 'd2', 'd3', 'r1', 'r2']
DEBUG: Processing vaccines for patient 10000
DEBUG: Patient data keys: ['id', 'mrn', 'mrn_agg', 'first_name', 'last_name', 'prenom', 'nom', 'date_of_birth', 'naissance_date', 'birth_weight_g', 'birth_height_cm', 'birth_head_circumference_cm', 'birth_notes', 'sex', 'sexe', 'phone', 'telephone', 'address', 'domicile', 'email', 'insurance', 'primary_physician', 'pmh', 'psh', 'family_history', 'medications', 'allergies', 'smoker', 'smoker_details', 'alcohol', 'alcohol_details', 'mere_nom', 'pere_nom', 'pediatre_initiales', 'third_party_payer', 'hopital', 'diag1', 'diag2', 'obstetrical_history', 'monotest1', 'monotest2', 'monotest3', 'rougeole_seule_date', 'dtcp1_date', 'dtcp2_date', 'dtcp3_date', 'dtcp_rappel1_date', 'dtcp_rappel2_date', 'dtcp_rappel3_date', 'dtcp_rappel4_date', 'hep_b1_date', 'hep_b2_date', 'hep_b3_date', 'hib1_date', 'hib2_date', 'hib3_date', 'hib_rappel_date', 'ror_date', 'raw_dossier_text', 'raw_autres_vaccins_text', 'created_date', 'modified_date', 'emr_mode', 'patient_history_text'][pywebview] before_load event fired. injecting pywebview object
[pywebview] Loading JS files from /Users/samimelki/Word Docs EMR/.venv/lib/python3.13/site-packages/webview/js
[pywebview] _pywebviewready event fired
[pywebview] loaded event fired
[pywebview] before_load event fired. injecting pywebview object
[pywebview] Loading JS files from /Users/samimelki/Word Docs EMR/.venv/lib/python3.13/site-packages/webview/js
[pywebview] _pywebviewready event fired
[pywebview] loaded event fired
[pywebview] before_load event fired. injecting pywebview object
[pywebview] Loading JS files from /Users/samimelki/Word Docs EMR/.venv/lib/python3.13/site-packages/webview/js
[pywebview] _pywebviewready event fired
[pywebview] loaded event fired

DEBUG: Sample vaccine fields: dtcp1_date=2013-01-17, hep_b1_date=2012-11-14
DEBUG: Found 16 non-standard vaccines
DEBUG: Prepared 13 total vaccines for EMR table
DEBUG: Vaccine DTaP - IPV - canonical: DTaP - IPV
DEBUG: Added to mandatory: DTaP - IPV
DEBUG: Vaccine Hepatitis A (HEPATITE A) - canonical: Hepatitis A
DEBUG: Added to recommended: Hepatitis A (HEPATITE A)
DEBUG: Vaccine Hepatitis B - canonical: Hepatitis B
DEBUG: Added to mandatory: Hepatitis B
DEBUG: Vaccine Hib (Haemophilus influenzae b) - canonical: Hib (Haemophilus influenzae b)
DEBUG: Added to mandatory: Hib (Haemophilus influenzae b)
DEBUG: Vaccine Influenza (VAXIGRIP) - canonical: Influenza
DEBUG: Added to recommended: Influenza (VAXIGRIP)
DEBUG: Vaccine Meningococcal ACWY (MENACTRA) - canonical: Meningococcal ACWY
DEBUG: Added to recommended: Meningococcal ACWY (MENACTRA)
DEBUG: Vaccine MMR (Measles, Mumps, Rubella) - canonical: MMR (Measles, Mumps, Rubella)
DEBUG: Added to mandatory: MMR (Measles, Mumps, Rubella)
DEBUG: Vaccine MMR (Measles, Mumps, Rubella) (ROR) - canonical: MMR (Measles, Mumps, Rubella)
DEBUG: Added to mandatory: MMR (Measles, Mumps, Rubella) (ROR)
DEBUG: Vaccine Pneumococcal PCV (PREVENAR 13) - canonical: Pneumococcal PCV
DEBUG: Added to recommended: Pneumococcal PCV (PREVENAR 13)
DEBUG: Vaccine PPD (TB Skin Test) - canonical: PPD (TB Skin Test)
DEBUG: Added to mandatory: PPD (TB Skin Test)
DEBUG: Vaccine Rotavirus (ROTATEQ) - canonical: Rotavirus
DEBUG: Added to recommended: Rotavirus (ROTATEQ)
DEBUG: Vaccine Varicella (VARILRIX) - canonical: Varicella
DEBUG: Added to recommended: Varicella (VARILRIX)
DEBUG: Vaccine Varicella (VARIVAX) - canonical: Varicella
DEBUG: Added to recommended: Varicella (VARIVAX)
DEBUG: Final counts - Mandatory: 6, Recommended: 7
DEBUG: Active dose keys: ['d1', 'd2', 'd3', 'r1', 'r2']
DEBUG: Processing vaccines for patient 10000
DEBUG: Patient data keys: ['id', 'mrn', 'mrn_agg', 'first_name', 'last_name', 'prenom', 'nom', 'date_of_birth', 'naissance_date', 'birth_weight_g', 'birth_height_cm', 'birth_head_circumference_cm', 'birth_notes', 'sex', 'sexe', 'phone', 'telephone', 'address', 'domicile', 'email', 'insurance', 'primary_physician', 'pmh', 'psh', 'family_history', 'medications', 'allergies', 'smoker', 'smoker_details', 'alcohol', 'alcohol_details', 'mere_nom', 'pere_nom', 'pediatre_initiales', 'third_party_payer', 'hopital', 'diag1', 'diag2', 'obstetrical_history', 'monotest1', 'monotest2', 'monotest3', 'rougeole_seule_date', 'dtcp1_date', 'dtcp2_date', 'dtcp3_date', 'dtcp_rappel1_date', 'dtcp_rappel2_date', 'dtcp_rappel3_date', 'dtcp_rappel4_date', 'hep_b1_date', 'hep_b2_date', 'hep_b3_date', 'hib1_date', 'hib2_date', 'hib3_date', 'hib_rappel_date', 'ror_date', 'raw_dossier_text', 'raw_autres_vaccins_text', 'created_date', 'modified_date', 'emr_mode', 'patient_history_text']
DEBUG: Sample vaccine fields: dtcp1_date=2013-01-17, hep_b1_date=2012-11-14
DEBUG: Found 16 non-standard vaccines
DEBUG: Prepared 13 total vaccines for EMR table
DEBUG: Vaccine DTaP - IPV - canonical: DTaP - IPV
DEBUG: Added to mandatory: DTaP - IPV
DEBUG: Vaccine Hepatitis A (HEPATITE A) - canonical: Hepatitis A
DEBUG: Added to recommended: Hepatitis A (HEPATITE A)
DEBUG: Vaccine Hepatitis B - canonical: Hepatitis B
DEBUG: Added to mandatory: Hepatitis B
DEBUG: Vaccine Hib (Haemophilus influenzae b) - canonical: Hib (Haemophilus influenzae b)
DEBUG: Added to mandatory: Hib (Haemophilus influenzae b)
DEBUG: Vaccine Influenza (VAXIGRIP) - canonical: Influenza
DEBUG: Added to recommended: Influenza (VAXIGRIP)
DEBUG: Vaccine Meningococcal ACWY (MENACTRA) - canonical: Meningococcal ACWY
DEBUG: Added to recommended: Meningococcal ACWY (MENACTRA)
DEBUG: Vaccine MMR (Measles, Mumps, Rubella) - canonical: MMR (Measles, Mumps, Rubella)
DEBUG: Added to mandatory: MMR (Measles, Mumps, Rubella)
DEBUG: Vaccine MMR (Measles, Mumps, Rubella) (ROR) - canonical: MMR (Measles, Mumps, Rubella)
DEBUG: Added to mandatory: MMR (Measles, Mumps, Rubella) (ROR)
DEBUG: Vaccine Pneumococcal PCV (PREVENAR 13) - canonical: Pneumococcal PCV
DEBUG: Added to recommended: Pneumococcal PCV (PREVENAR 13)
DEBUG: Vaccine PPD (TB Skin Test) - canonical: PPD (TB Skin Test)
DEBUG: Added to mandatory: PPD (TB Skin Test)
DEBUG: Vaccine Rotavirus (ROTATEQ) - canonical: Rotavirus
DEBUG: Added to recommended: Rotavirus (ROTATEQ)
DEBUG: Vaccine Varicella (VARILRIX) - canonical: Varicella
DEBUG: Added to recommended: Varicella (VARILRIX)
DEBUG: Vaccine Varicella (VARIVAX) - canonical: Varicella
DEBUG: Added to recommended: Varicella (VARIVAX)
DEBUG: Final counts - Mandatory: 6, Recommended: 7
DEBUG: Active dose keys: ['d1', 'd2', 'd3', 'r1', 'r2']
DEBUG: Processing vaccines for patient 10000
DEBUG: Patient data keys: ['id', 'mrn', 'mrn_agg', 'first_name', 'last_name', 'prenom', 'nom', 'date_of_birth', 'naissance_date', 'birth_weight_g', 'birth_height_cm', 'birth_head_circumference_cm', 'birth_notes', 'sex', 'sexe', 'phone', 'telephone', 'address', 'domicile', 'email', 'insurance', 'primary_physician', 'pmh', 'psh', 'family_history', 'medications', 'allergies', 'smoker', 'smoker_details', 'alcohol', 'alcohol_details', 'mere_nom', 'pere_nom', 'pediatre_initiales', 'third_party_payer', 'hopital', 'diag1', 'diag2', 'obstetrical_history', 'monotest1', 'monotest2', 'monotest3', 'rougeole_seule_date', 'dtcp1_date', 'dtcp2_date', 'dtcp3_date', 'dtcp_rappel1_date', 'dtcp_rappel2_date', 'dtcp_rappel3_date', 'dtcp_rappel4_date', 'hep_b1_date', 'hep_b2_date', 'hep_b3_date', 'hib1_date', 'hib2_date', 'hib3_date', 'hib_rappel_date', 'ror_date', 'raw_dossier_text', 'raw_autres_vaccins_text', 'created_date', 'modified_date', 'emr_mode', 'patient_history_text']
DEBUG: Sample vaccine fields: dtcp1_date=2013-01-17, hep_b1_date=2012-11-14
DEBUG: Found 16 non-standard vaccines
DEBUG: Prepared 13 total vaccines for EMR table
DEBUG: Vaccine DTaP - IPV - canonical: DTaP - IPV
DEBUG: Added to mandatory: DTaP - IPV
DEBUG: Vaccine Hepatitis A (HEPATITE A) - canonical: Hepatitis A
DEBUG: Added to recommended: Hepatitis A (HEPATITE A)
DEBUG: Vaccine Hepatitis B - canonical: Hepatitis B
DEBUG: Added to mandatory: Hepatitis B
DEBUG: Vaccine Hib (Haemophilus influenzae b) - canonical: Hib (Haemophilus influenzae b)
DEBUG: Added to mandatory: Hib (Haemophilus influenzae b)
DEBUG: Vaccine Influenza (VAXIGRIP) - canonical: Influenza
DEBUG: Added to recommended: Influenza (VAXIGRIP)
DEBUG: Vaccine Meningococcal ACWY (MENACTRA) - canonical: Meningococcal ACWY
DEBUG: Added to recommended: Meningococcal ACWY (MENACTRA)
DEBUG: Vaccine MMR (Measles, Mumps, Rubella) - canonical: MMR (Measles, Mumps, Rubella)
DEBUG: Added to mandatory: MMR (Measles, Mumps, Rubella)
DEBUG: Vaccine MMR (Measles, Mumps, Rubella) (ROR) - canonical: MMR (Measles, Mumps, Rubella)
DEBUG: Added to mandatory: MMR (Measles, Mumps, Rubella) (ROR)
DEBUG: Vaccine Pneumococcal PCV (PREVENAR 13) - canonical: Pneumococcal PCV
DEBUG: Added to recommended: Pneumococcal PCV (PREVENAR 13)
DEBUG: Vaccine PPD (TB Skin Test) - canonical: PPD (TB Skin Test)
DEBUG: Added to mandatory: PPD (TB Skin Test)
DEBUG: Vaccine Rotavirus (ROTATEQ) - canonical: Rotavirus
DEBUG: Added to recommended: Rotavirus (ROTATEQ)
DEBUG: Vaccine Varicella (VARILRIX) - canonical: Varicella
DEBUG: Added to recommended: Varicella (VARILRIX)
DEBUG: Vaccine Varicella (VARIVAX) - canonical: Varicella
DEBUG: Added to recommended: Varicella (VARIVAX)
DEBUG: Final counts - Mandatory: 6, Recommended: 7
DEBUG: Active dose keys: ['d1', 'd2', 'd3', 'r1', 'r2']
DEBUG: Processing vaccines for patient 10000
DEBUG: Patient data keys: ['id', 'mrn', 'mrn_agg', 'first_name', 'last_name', 'prenom', 'nom', 'date_of_birth', 'naissance_date', 'birth_weight_g', 'birth_height_cm', 'birth_head_circumference_cm', 'birth_notes', 'sex', 'sexe', 'phone', 'telephone', 'address', 'domicile', 'email', 'insurance', 'primary_physician', 'pmh', 'psh', 'family_history', 'medications', 'allergies', 'smoker', 'smoker_details', 'alcohol', 'alcohol_details', 'mere_nom', 'pere_nom', 'pediatre_initiales', 'third_party_payer', 'hopital', 'diag1', 'diag2', 'obstetrical_history', 'monotest1', 'monotest2', 'monotest3', 'rougeole_seule_date', 'dtcp1_date', 'dtcp2_date', 'dtcp3_date', 'dtcp_rappel1_date', 'dtcp_rappel2_date', 'dtcp_rappel3_date', 'dtcp_rappel4_date', 'hep_b1_date', 'hep_b2_date', 'hep_b3_date', 'hib1_date', 'hib2_date', 'hib3_date', 'hib_rappel_date', 'ror_date', 'raw_dossier_text', 'raw_autres_vaccins_text', 'created_date', 'modified_date', 'emr_mode', 'patient_history_text'][pywebview] before_load event fired. injecting pywebview object
[pywebview] Loading JS files from /Users/samimelki/Word Docs EMR/.venv/lib/python3.13/site-packages/webview/js
[pywebview] _pywebviewready event fired
[pywebview] loaded event fired
[pywebview] before_load event fired. injecting pywebview object
[pywebview] Loading JS files from /Users/samimelki/Word Docs EMR/.venv/lib/python3.13/site-packages/webview/js
[pywebview] _pywebviewready event fired
[pywebview] loaded event fired

DEBUG: Sample vaccine fields: dtcp1_date=2013-01-17, hep_b1_date=2012-11-14
DEBUG: Found 16 non-standard vaccines
DEBUG: Prepared 13 total vaccines for EMR table
DEBUG: Vaccine DTaP - IPV - canonical: DTaP - IPV
DEBUG: Added to mandatory: DTaP - IPV
DEBUG: Vaccine Hepatitis A (HEPATITE A) - canonical: Hepatitis A
DEBUG: Added to recommended: Hepatitis A (HEPATITE A)
DEBUG: Vaccine Hepatitis B - canonical: Hepatitis B
DEBUG: Added to mandatory: Hepatitis B
DEBUG: Vaccine Hib (Haemophilus influenzae b) - canonical: Hib (Haemophilus influenzae b)
DEBUG: Added to mandatory: Hib (Haemophilus influenzae b)
DEBUG: Vaccine Influenza (VAXIGRIP) - canonical: Influenza
DEBUG: Added to recommended: Influenza (VAXIGRIP)
DEBUG: Vaccine Meningococcal ACWY (MENACTRA) - canonical: Meningococcal ACWY
DEBUG: Added to recommended: Meningococcal ACWY (MENACTRA)
DEBUG: Vaccine MMR (Measles, Mumps, Rubella) - canonical: MMR (Measles, Mumps, Rubella)
DEBUG: Added to mandatory: MMR (Measles, Mumps, Rubella)
DEBUG: Vaccine MMR (Measles, Mumps, Rubella) (ROR) - canonical: MMR (Measles, Mumps, Rubella)
DEBUG: Added to mandatory: MMR (Measles, Mumps, Rubella) (ROR)
DEBUG: Vaccine Pneumococcal PCV (PREVENAR 13) - canonical: Pneumococcal PCV
DEBUG: Added to recommended: Pneumococcal PCV (PREVENAR 13)
DEBUG: Vaccine PPD (TB Skin Test) - canonical: PPD (TB Skin Test)
DEBUG: Added to mandatory: PPD (TB Skin Test)
DEBUG: Vaccine Rotavirus (ROTATEQ) - canonical: Rotavirus
DEBUG: Added to recommended: Rotavirus (ROTATEQ)
DEBUG: Vaccine Varicella (VARILRIX) - canonical: Varicella
DEBUG: Added to recommended: Varicella (VARILRIX)
DEBUG: Vaccine Varicella (VARIVAX) - canonical: Varicella
DEBUG: Added to recommended: Varicella (VARIVAX)
DEBUG: Final counts - Mandatory: 6, Recommended: 7
DEBUG: Active dose keys: ['d1', 'd2', 'd3', 'r1', 'r2']
DEBUG: Processing vaccines for patient 10000
DEBUG: Patient data keys: ['id', 'mrn', 'mrn_agg', 'first_name', 'last_name', 'prenom', 'nom', 'date_of_birth', 'naissance_date', 'birth_weight_g', 'birth_height_cm', 'birth_head_circumference_cm', 'birth_notes', 'sex', 'sexe', 'phone', 'telephone', 'address', 'domicile', 'email', 'insurance', 'primary_physician', 'pmh', 'psh', 'family_history', 'medications', 'allergies', 'smoker', 'smoker_details', 'alcohol', 'alcohol_details', 'mere_nom', 'pere_nom', 'pediatre_initiales', 'third_party_payer', 'hopital', 'diag1', 'diag2', 'obstetrical_history', 'monotest1', 'monotest2', 'monotest3', 'rougeole_seule_date', 'dtcp1_date', 'dtcp2_date', 'dtcp3_date', 'dtcp_rappel1_date', 'dtcp_rappel2_date', 'dtcp_rappel3_date', 'dtcp_rappel4_date', 'hep_b1_date', 'hep_b2_date', 'hep_b3_date', 'hib1_date', 'hib2_date', 'hib3_date', 'hib_rappel_date', 'ror_date', 'raw_dossier_text', 'raw_autres_vaccins_text', 'created_date', 'modified_date', 'emr_mode', 'patient_history_text']
DEBUG: Sample vaccine fields: dtcp1_date=2013-01-17, hep_b1_date=2012-11-14
DEBUG: Found 16 non-standard vaccines
DEBUG: Prepared 13 total vaccines for EMR table
DEBUG: Vaccine DTaP - IPV - canonical: DTaP - IPV
DEBUG: Added to mandatory: DTaP - IPV
DEBUG: Vaccine Hepatitis A (HEPATITE A) - canonical: Hepatitis A
DEBUG: Added to recommended: Hepatitis A (HEPATITE A)
DEBUG: Vaccine Hepatitis B - canonical: Hepatitis B
DEBUG: Added to mandatory: Hepatitis B
DEBUG: Vaccine Hib (Haemophilus influenzae b) - canonical: Hib (Haemophilus influenzae b)
DEBUG: Added to mandatory: Hib (Haemophilus influenzae b)
DEBUG: Vaccine Influenza (VAXIGRIP) - canonical: Influenza
DEBUG: Added to recommended: Influenza (VAXIGRIP)
DEBUG: Vaccine Meningococcal ACWY (MENACTRA) - canonical: Meningococcal ACWY
DEBUG: Added to recommended: Meningococcal ACWY (MENACTRA)
DEBUG: Vaccine MMR (Measles, Mumps, Rubella) - canonical: MMR (Measles, Mumps, Rubella)
DEBUG: Added to mandatory: MMR (Measles, Mumps, Rubella)
DEBUG: Vaccine MMR (Measles, Mumps, Rubella) (ROR) - canonical: MMR (Measles, Mumps, Rubella)
DEBUG: Added to mandatory: MMR (Measles, Mumps, Rubella) (ROR)
DEBUG: Vaccine Pneumococcal PCV (PREVENAR 13) - canonical: Pneumococcal PCV
DEBUG: Added to recommended: Pneumococcal PCV (PREVENAR 13)
DEBUG: Vaccine PPD (TB Skin Test) - canonical: PPD (TB Skin Test)
DEBUG: Added to mandatory: PPD (TB Skin Test)
DEBUG: Vaccine Rotavirus (ROTATEQ) - canonical: Rotavirus
DEBUG: Added to recommended: Rotavirus (ROTATEQ)
DEBUG: Vaccine Varicella (VARILRIX) - canonical: Varicella
DEBUG: Added to recommended: Varicella (VARILRIX)
DEBUG: Vaccine Varicella (VARIVAX) - canonical: Varicella
DEBUG: Added to recommended: Varicella (VARIVAX)
DEBUG: Final counts - Mandatory: 6, Recommended: 7
DEBUG: Active dose keys: ['d1', 'd2', 'd3', 'r1', 'r2']
