 * Serving Flask app 'app'
 * Debug mode: off
[pywebview] Using Cocoa
[pywebview] before_load event fired. injecting pywebview object
[pywebview] Loading JS files from /Users/samimelki/Word Docs EMR/.venv/lib/python3.13/site-packages/webview/js
[pywebview] _pywebviewready event fired
[pywebview] loaded event fired
[pywebview] before_load event fired. injecting pywebview object
[pywebview] Loading JS files from /Users/samimelki/Word Docs EMR/.venv/lib/python3.13/site-packages/webview/js
[pywebview] _pywebviewready event fired
[pywebview] loaded event fired
[pywebview] before_load event fired. injecting pywebview object
[pywebview] Loading JS files from /Users/samimelki/Word Docs EMR/.venv/lib/python3.13/site-packages/webview/js
[pywebview] _pywebviewready event fired
[pywebview] loaded event fired
[pywebview] before_load event fired. injecting pywebview object
[pywebview] Loading JS files from /Users/samimelki/Word Docs EMR/.venv/lib/python3.13/site-packages/webview/js
[pywebview] _pywebviewready event fired
[pywebview] loaded event fired
[pywebview] before_load event fired. injecting pywebview object
[pywebview] Loading JS files from /Users/samimelki/Word Docs EMR/.venv/lib/python3.13/site-packages/webview/js
[pywebview] _pywebviewready event fired
[pywebview] loaded event fired
[pywebview] before_load event fired. injecting pywebview object
[pywebview] Loading JS files from /Users/samimelki/Word Docs EMR/.venv/lib/python3.13/site-packages/webview/js
[pywebview] _pywebviewready event fired
[pywebview] loaded event fired
